Archive member included because of file (symbol)

c:/program files (x86)/atmel/atmel toolchain/avr8 gcc/native/3.4.1061/avr8-gnu-toolchain/bin/../lib/gcc/avr/4.8.1/../../../../avr/lib/avrxmega6\libm.a(fixsfsi.o)
                              src/main.o (__fixsfsi)
c:/program files (x86)/atmel/atmel toolchain/avr8 gcc/native/3.4.1061/avr8-gnu-toolchain/bin/../lib/gcc/avr/4.8.1/../../../../avr/lib/avrxmega6\libm.a(fixunssfsi.o)
                              c:/program files (x86)/atmel/atmel toolchain/avr8 gcc/native/3.4.1061/avr8-gnu-toolchain/bin/../lib/gcc/avr/4.8.1/../../../../avr/lib/avrxmega6\libm.a(fixsfsi.o) (__fixunssfsi)
c:/program files (x86)/atmel/atmel toolchain/avr8 gcc/native/3.4.1061/avr8-gnu-toolchain/bin/../lib/gcc/avr/4.8.1/../../../../avr/lib/avrxmega6\libm.a(floatsisf.o)
                              src/main.o (__floatunsisf)
c:/program files (x86)/atmel/atmel toolchain/avr8 gcc/native/3.4.1061/avr8-gnu-toolchain/bin/../lib/gcc/avr/4.8.1/../../../../avr/lib/avrxmega6\libm.a(fp_split3.o)
                              c:/program files (x86)/atmel/atmel toolchain/avr8 gcc/native/3.4.1061/avr8-gnu-toolchain/bin/../lib/gcc/avr/4.8.1/../../../../avr/lib/avrxmega6\libm.a(fixunssfsi.o) (__fp_splitA)
c:/program files (x86)/atmel/atmel toolchain/avr8 gcc/native/3.4.1061/avr8-gnu-toolchain/bin/../lib/gcc/avr/4.8.1/../../../../avr/lib/avrxmega6\libm.a(fp_zero.o)
                              c:/program files (x86)/atmel/atmel toolchain/avr8 gcc/native/3.4.1061/avr8-gnu-toolchain/bin/../lib/gcc/avr/4.8.1/../../../../avr/lib/avrxmega6\libm.a(fixunssfsi.o) (__fp_zero)
c:/program files (x86)/atmel/atmel toolchain/avr8 gcc/native/3.4.1061/avr8-gnu-toolchain/bin/../lib/gcc/avr/4.8.1/../../../../avr/lib/avrxmega6\libm.a(log10.o)
                              src/main.o (log10)
c:/program files (x86)/atmel/atmel toolchain/avr8 gcc/native/3.4.1061/avr8-gnu-toolchain/bin/../lib/gcc/avr/4.8.1/../../../../avr/lib/avrxmega6\libm.a(log.o)
                              c:/program files (x86)/atmel/atmel toolchain/avr8 gcc/native/3.4.1061/avr8-gnu-toolchain/bin/../lib/gcc/avr/4.8.1/../../../../avr/lib/avrxmega6\libm.a(log10.o) (log)
c:/program files (x86)/atmel/atmel toolchain/avr8 gcc/native/3.4.1061/avr8-gnu-toolchain/bin/../lib/gcc/avr/4.8.1/../../../../avr/lib/avrxmega6\libm.a(mulsf3.o)
                              c:/program files (x86)/atmel/atmel toolchain/avr8 gcc/native/3.4.1061/avr8-gnu-toolchain/bin/../lib/gcc/avr/4.8.1/../../../../avr/lib/avrxmega6\libm.a(log10.o) (__mulsf3)
c:/program files (x86)/atmel/atmel toolchain/avr8 gcc/native/3.4.1061/avr8-gnu-toolchain/bin/../lib/gcc/avr/4.8.1/../../../../avr/lib/avrxmega6\libm.a(mulsf3x.o)
                              c:/program files (x86)/atmel/atmel toolchain/avr8 gcc/native/3.4.1061/avr8-gnu-toolchain/bin/../lib/gcc/avr/4.8.1/../../../../avr/lib/avrxmega6\libm.a(log.o) (__mulsf3x)
c:/program files (x86)/atmel/atmel toolchain/avr8 gcc/native/3.4.1061/avr8-gnu-toolchain/bin/../lib/gcc/avr/4.8.1/../../../../avr/lib/avrxmega6\libm.a(addsf3.o)
                              c:/program files (x86)/atmel/atmel toolchain/avr8 gcc/native/3.4.1061/avr8-gnu-toolchain/bin/../lib/gcc/avr/4.8.1/../../../../avr/lib/avrxmega6\libm.a(log.o) (__addsf3)
c:/program files (x86)/atmel/atmel toolchain/avr8 gcc/native/3.4.1061/avr8-gnu-toolchain/bin/../lib/gcc/avr/4.8.1/../../../../avr/lib/avrxmega6\libm.a(addsf3x.o)
                              c:/program files (x86)/atmel/atmel toolchain/avr8 gcc/native/3.4.1061/avr8-gnu-toolchain/bin/../lib/gcc/avr/4.8.1/../../../../avr/lib/avrxmega6\libm.a(log.o) (__addsf3x)
c:/program files (x86)/atmel/atmel toolchain/avr8 gcc/native/3.4.1061/avr8-gnu-toolchain/bin/../lib/gcc/avr/4.8.1/../../../../avr/lib/avrxmega6\libm.a(fp_inf.o)
                              c:/program files (x86)/atmel/atmel toolchain/avr8 gcc/native/3.4.1061/avr8-gnu-toolchain/bin/../lib/gcc/avr/4.8.1/../../../../avr/lib/avrxmega6\libm.a(log.o) (__fp_inf)
c:/program files (x86)/atmel/atmel toolchain/avr8 gcc/native/3.4.1061/avr8-gnu-toolchain/bin/../lib/gcc/avr/4.8.1/../../../../avr/lib/avrxmega6\libm.a(fp_mpack.o)
                              c:/program files (x86)/atmel/atmel toolchain/avr8 gcc/native/3.4.1061/avr8-gnu-toolchain/bin/../lib/gcc/avr/4.8.1/../../../../avr/lib/avrxmega6\libm.a(log.o) (__fp_mpack)
c:/program files (x86)/atmel/atmel toolchain/avr8 gcc/native/3.4.1061/avr8-gnu-toolchain/bin/../lib/gcc/avr/4.8.1/../../../../avr/lib/avrxmega6\libm.a(fp_nan.o)
                              c:/program files (x86)/atmel/atmel toolchain/avr8 gcc/native/3.4.1061/avr8-gnu-toolchain/bin/../lib/gcc/avr/4.8.1/../../../../avr/lib/avrxmega6\libm.a(log.o) (__fp_nan)
c:/program files (x86)/atmel/atmel toolchain/avr8 gcc/native/3.4.1061/avr8-gnu-toolchain/bin/../lib/gcc/avr/4.8.1/../../../../avr/lib/avrxmega6\libm.a(fp_powser.o)
[...]
Memory Configuration

Name             Origin             Length             Attributes
text             0x00000000         0x00100000         xr
data             0x00802000         0x0000ffa0         rw !x
eeprom           0x00810000         0x00010000         rw !x
fuse             0x00820000         0x00000400         rw !x
lock             0x00830000         0x00000400         rw !x
signature        0x00840000         0x00000400         rw !x
user_signatures  0x00850000         0x00000400         rw !x
*default*        0x00000000         0xffffffff

Linker script and memory map

LOAD c:/program files (x86)/atmel/atmel toolchain/avr8 gcc/native/3.4.1061/avr8-gnu-toolchain/bin/../lib/gcc/avr/4.8.1/../../../../avr/lib/avrxmega6/crtx256a3bu.o
LOAD src/ASF/common/components/display/st7565r/st7565r.o
LOAD src/ASF/common/services/calendar/calendar.o
LOAD src/ASF/common/services/gfx_mono/gfx_mono_c12832_a1z.o
LOAD src/ASF/common/services/sleepmgr/xmega/sleepmgr.o
LOAD src/ASF/common/services/serial/usart_serial.o
LOAD src/ASF/xmega/drivers/rtc32/rtc32.o
LOAD src/ASF/xmega/drivers/tc/tc.o
LOAD src/ASF/xmega/drivers/usart/usart.o
LOAD src/ASF/common/services/spi/xmega_usart_spi/usart_spi.o
LOAD src/ASF/common/services/spi/xmega_spi/spi_master.o
LOAD src/ASF/common/services/gfx_mono/gfx_mono_framebuffer.o
LOAD src/ASF/common/services/gfx_mono/gfx_mono_generic.o
LOAD src/ASF/common/services/clock/xmega/sysclk.o
LOAD src/ASF/common/services/gfx_mono/gfx_mono_text.o
LOAD src/ASF/xmega/drivers/nvm/nvm.o
LOAD src/ASF/xmega/drivers/spi/spi.o
LOAD src/ASF/xmega/drivers/nvm/nvm_asm.o
LOAD src/ASF/xmega/drivers/cpu/ccp.o
LOAD src/ASF/common/services/gfx_mono/sysfont.o
LOAD src/ASF/common/services/ioport/xmega/ioport_compat.o
LOAD src/ASF/xmega/boards/xmega_a3bu_xplained/init.o
LOAD src/main.o
START GROUP
LOAD c:/program files (x86)/atmel/atmel toolchain/avr8 gcc/native/3.4.1061/avr8-gnu-toolchain/bin/../lib/gcc/avr/4.8.1/../../../../avr/lib/avrxmega6\libm.a
END GROUP
Address of section .BOOT set to 0x40000
START GROUP
LOAD c:/program files (x86)/atmel/atmel toolchain/avr8 gcc/native/3.4.1061/avr8-gnu-toolchain/bin/../lib/gcc/avr/4.8.1/avrxmega6\libgcc.a
LOAD c:/program files (x86)/atmel/atmel toolchain/avr8 gcc/native/3.4.1061/avr8-gnu-toolchain/bin/../lib/gcc/avr/4.8.1/../../../../avr/lib/avrxmega6\libm.a
LOAD c:/program files (x86)/atmel/atmel toolchain/avr8 gcc/native/3.4.1061/avr8-gnu-toolchain/bin/../lib/gcc/avr/4.8.1/../../../../avr/lib/avrxmega6\libc.a
END GROUP

.hash
 *(.hash)

.dynsym
 *(.dynsym)

.dynstr
 *(.dynstr)

.gnu.version
 *(.gnu.version)

.gnu.version_d
 *(.gnu.version_d)

.gnu.version_r
 *(.gnu.version_r)

.rel.init
 *(.rel.init)

.rela.init
 *(.rela.init)

.rel.text
 *(.rel.text)
 *(.rel.text.*)
 *(.rel.gnu.linkonce.t*)

.rela.text
 *(.rela.text)
 *(.rela.text.*)
 *(.rela.gnu.linkonce.t*)

.rel.fini
 *(.rel.fini)

.rela.fini
 *(.rela.fini)

.rel.rodata
 *(.rel.rodata)
 *(.rel.rodata.*)
 *(.rel.gnu.linkonce.r*)

.rela.rodata
 *(.rela.rodata)
 *(.rela.rodata.*)
 *(.rela.gnu.linkonce.r*)

.rel.data
 *(.rel.data)
 *(.rel.data.*)
 *(.rel.gnu.linkonce.d*)

.rela.data
 *(.rela.data)
 *(.rela.data.*)
 *(.rela.gnu.linkonce.d*)

.rel.ctors
 *(.rel.ctors)

.rela.ctors
 *(.rela.ctors)

.rel.dtors
 *(.rel.dtors)

.rela.dtors
 *(.rela.dtors)

.rel.got
 *(.rel.got)

.rela.got
 *(.rela.got)

.rel.bss
 *(.rel.bss)

.rela.bss
 *(.rela.bss)

.rel.plt
 *(.rel.plt)

.rela.plt
 *(.rela.plt)

.text           0x00000000     0x2cb6
 *(.vectors)
 .vectors       0x00000000      0x1fc c:/program files (x86)/atmel/atmel toolchain/avr8 gcc/native/3.4.1061/avr8-gnu-toolchain/bin/../lib/gcc/avr/4.8.1/../../../../avr/lib/avrxmega6/crtx256a3bu.o
                0x00000000                __vector_default
                0x00000000                __vectors
 *(.vectors)
 *(.progmem.gcc*)
                0x000001fc                . = ALIGN (0x2)
                0x000001fc                __trampolines_start = .
 *(.trampolines)
 .trampolines   0x000001fc        0x0 linker stubs
 *(.trampolines*)
                0x000001fc                __trampolines_end = .
 *(.progmem*)
 .progmem.data.sysfont_glyphs
                0x000001fc      0x292 src/ASF/common/services/gfx_mono/sysfont.o
                0x0000048e                . = ALIGN (0x2)
 *(.jumptables)
 *(.jumptables*)
 *(.lowtext)
 *(.lowtext*)
                0x0000048e                __ctors_start = .
 *(.ctors)
                0x0000048e                __ctors_end = .
                0x0000048e                __dtors_start = .
 *(.dtors)
                0x0000048e                __dtors_end = .
 SORT(*)(.ctors)
 SORT(*)(.dtors)
 *(.init0)
 .init0         0x0000048e        0x0 c:/program files (x86)/atmel/atmel toolchain/avr8 gcc/native/3.4.1061/avr8-gnu-toolchain/bin/../lib/gcc/avr/4.8.1/../../../../avr/lib/avrxmega6/crtx256a3bu.o
                0x0000048e                __init
 *(.init0)
 *(.init1)
 *(.init1)
 *(.init2)
 .init2         0x0000048e       0x10 c:/program files (x86)/atmel/atmel toolchain/avr8 gcc/native/3.4.1061/avr8-gnu-toolchain/bin/../lib/gcc/avr/4.8.1/../../../../avr/lib/avrxmega6/crtx256a3bu.o
 *(.init2)
 *(.init3)
 *(.init3)
 *(.init4)
 .init4         0x0000049e       0x1a c:/program files (x86)/atmel/atmel toolchain/avr8 gcc/native/3.4.1061/avr8-gnu-toolchain/bin/../lib/gcc/avr/4.8.1/avrxmega6\libgcc.a(_copy_data.o)
                0x0000049e                __do_copy_data
 .init4         0x000004b8       0x10 c:/program files (x86)/atmel/atmel toolchain/avr8 gcc/native/3.4.1061/avr8-gnu-toolchain/bin/../lib/gcc/avr/4.8.1/avrxmega6\libgcc.a(_clear_bss.o)
                0x000004b8                __do_clear_bss
 *(.init4)
 *(.init5)
 *(.init5)
 *(.init6)
 *(.init6)
 *(.init7)
 *(.init7)
 *(.init8)
 *(.init8)
 *(.init9)
 .init9         0x000004c8        0x8 c:/program files (x86)/atmel/atmel toolchain/avr8 gcc/native/3.4.1061/avr8-gnu-toolchain/bin/../lib/gcc/avr/4.8.1/../../../../avr/lib/avrxmega6/crtx256a3bu.o
 *(.init9)
 *(.text)
 .text          0x000004d0        0x2 c:/program files (x86)/atmel/atmel toolchain/avr8 gcc/native/3.4.1061/avr8-gnu-toolchain/bin/../lib/gcc/avr/4.8.1/../../../../avr/lib/avrxmega6/crtx256a3bu.o
                0x000004d0                __vector_38
                0x000004d0                __vector_104
                0x000004d0                __vector_63
                0x000004d0                __vector_28
                0x000004d0                __vector_67
                0x000004d0                __vector_1
                0x000004d0                __vector_119
                0x000004d0                __vector_32
                0x000004d0                __vector_75
                0x000004d0                __vector_71
                0x000004d0                __vector_91
                0x000004d0                __vector_34
                0x000004d0                __vector_62
                0x000004d0                __vector_102
                0x000004d0                __vector_24
                0x000004d0                __vector_12
                0x000004d0                __vector_69
                0x000004d0                __vector_90
                0x000004d0                __vector_46
                0x000004d0                __bad_interrupt
                0x000004d0                __vector_122
                0x000004d0                __vector_72
                0x000004d0                __vector_114
                0x000004d0                __vector_6
                0x000004d0                __vector_31
                0x000004d0                __vector_92
                0x000004d0                __vector_35
                0x000004d0                __vector_74
                0x000004d0                __vector_117
                0x000004d0                __vector_39
                0x000004d0                __vector_107
                0x000004d0                __vector_3
                0x000004d0                __vector_105
                0x000004d0                __vector_98
                0x000004d0                __vector_68
                0x000004d0                __vector_30
                0x000004d0                __vector_73
                0x000004d0                __vector_45
                0x000004d0                __vector_25
                0x000004d0                __vector_93
                0x000004d0                __vector_61
                0x000004d0                __vector_99
                0x000004d0                __vector_13
                0x000004d0                __vector_7
                0x000004d0                __vector_125
                0x000004d0                __vector_123
                0x000004d0                __vector_41
                0x000004d0                __vector_100
                0x000004d0                __vector_101
                0x000004d0                __vector_64
                0x000004d0                __vector_88
                0x000004d0                __vector_43
                0x000004d0                __vector_27
                0x000004d0                __vector_5
                0x000004d0                __vector_33
                0x000004d0                __vector_76
                0x000004d0                __vector_115
                0x000004d0                __vector_37
                0x000004d0                __vector_95
                0x000004d0                __vector_103
                0x000004d0                __vector_96
                0x000004d0                __vector_89
                0x000004d0                __vector_4
                0x000004d0                __vector_44
                0x000004d0                __vector_106
                0x000004d0                __vector_118
                0x000004d0                __vector_9
                0x000004d0                __vector_2
                0x000004d0                __vector_66
                0x000004d0                __vector_36
                0x000004d0                __vector_58
                0x000004d0                __vector_70
                0x000004d0                __vector_29
                0x000004d0                __vector_60
                0x000004d0                __vector_121
                0x000004d0                __vector_40
                0x000004d0                __vector_94
                0x000004d0                __vector_126
                0x000004d0                __vector_8
                0x000004d0                __vector_26
                0x000004d0                __vector_124
                0x000004d0                __vector_116
                0x000004d0                __vector_57
                0x000004d0                __vector_10
                0x000004d0                __vector_59
                0x000004d0                __vector_97
                0x000004d0                __vector_42
                0x000004d0                __vector_87
                0x000004d0                __vector_65
                0x000004d0                __vector_120
                0x000004d2                . = ALIGN (0x2)
 *(.text.*)
 .text.st7565r_init
                0x000004d2      0x3b0 src/ASF/common/components/display/st7565r/st7565r.o
                0x000004d2                st7565r_init
 .text.calendar_leapyear
                0x00000882       0x6e src/ASF/common/services/calendar/calendar.o
 .text.calendar_timestamp_to_date
                0x000008f0      0x1a4 src/ASF/common/services/calendar/calendar.o
                0x000008f0                calendar_timestamp_to_date
 .text.calendar_timestamp_to_date_tz
                0x00000a94       0x9c src/ASF/common/services/calendar/calendar.o
                0x00000a94                calendar_timestamp_to_date_tz
 .text.gfx_mono_st7565r_put_byte
                0x00000b30      0x16e src/ASF/common/services/gfx_mono/gfx_mono_c12832_a1z.o
                0x00000b30                gfx_mono_st7565r_put_byte
 .text.gfx_mono_st7565r_init
                0x00000c9e       0x8c src/ASF/common/services/gfx_mono/gfx_mono_c12832_a1z.o
                0x00000c9e                gfx_mono_st7565r_init
 .text.gfx_mono_st7565r_draw_pixel
                0x00000d2a       0x7c src/ASF/common/services/gfx_mono/gfx_mono_c12832_a1z.o
                0x00000d2a                gfx_mono_st7565r_draw_pixel
 .text.gfx_mono_st7565r_get_byte
                0x00000da6        0x6 src/ASF/common/services/gfx_mono/gfx_mono_c12832_a1z.o
                0x00000da6                gfx_mono_st7565r_get_byte
 .text.rtc_get_time
                0x00000dac       0x1c src/ASF/xmega/drivers/rtc32/rtc32.o
                0x00000dac                rtc_get_time
 .text.rtc_vbat_system_check
                0x00000dc8       0x4a src/ASF/xmega/drivers/rtc32/rtc32.o
                0x00000dc8                rtc_vbat_system_check
 .text.rtc_init
                0x00000e12       0x86 src/ASF/xmega/drivers/rtc32/rtc32.o
                0x00000e12                rtc_init
 .text.__vector_11
                0x00000e98       0x6c src/ASF/xmega/drivers/rtc32/rtc32.o
                0x00000e98                __vector_11
 .text.__vector_14
                0x00000f04       0x5a src/ASF/xmega/drivers/tc/tc.o
                0x00000f04                __vector_14
 .text.__vector_15
                0x00000f5e       0x5a src/ASF/xmega/drivers/tc/tc.o
                0x00000f5e                __vector_15
 .text.__vector_16
                0x00000fb8       0x5a src/ASF/xmega/drivers/tc/tc.o
                0x00000fb8                __vector_16
 .text.__vector_17
                0x00001012       0x5a src/ASF/xmega/drivers/tc/tc.o
                0x00001012                __vector_17
 .text.__vector_18
                0x0000106c       0x5a src/ASF/xmega/drivers/tc/tc.o
                0x0000106c                __vector_18
 .text.__vector_19
                0x000010c6       0x5a src/ASF/xmega/drivers/tc/tc.o
                0x000010c6                __vector_19
 .text.__vector_20
                0x00001120       0x5a src/ASF/xmega/drivers/tc/tc.o
                0x00001120                __vector_20
 .text.__vector_21
                0x0000117a       0x5a src/ASF/xmega/drivers/tc/tc.o
                0x0000117a                __vector_21
 .text.__vector_22
                0x000011d4       0x5a src/ASF/xmega/drivers/tc/tc.o
                0x000011d4                __vector_22
 .text.__vector_23
                0x0000122e       0x5a src/ASF/xmega/drivers/tc/tc.o
                0x0000122e                __vector_23
 .text.__vector_77
                0x00001288       0x5a src/ASF/xmega/drivers/tc/tc.o
                0x00001288                __vector_77
 .text.__vector_78
                0x000012e2       0x5a src/ASF/xmega/drivers/tc/tc.o
                0x000012e2                __vector_78
 .text.__vector_79
                0x0000133c       0x5a src/ASF/xmega/drivers/tc/tc.o
                0x0000133c                __vector_79
 .text.__vector_80
                0x00001396       0x5a src/ASF/xmega/drivers/tc/tc.o
                0x00001396                __vector_80
 .text.__vector_81
                0x000013f0       0x5a src/ASF/xmega/drivers/tc/tc.o
                0x000013f0                __vector_81
 .text.__vector_82
                0x0000144a       0x5a src/ASF/xmega/drivers/tc/tc.o
                0x0000144a                __vector_82
 .text.__vector_83
                0x000014a4       0x5a src/ASF/xmega/drivers/tc/tc.o
                0x000014a4                __vector_83
 .text.__vector_84
                0x000014fe       0x5a src/ASF/xmega/drivers/tc/tc.o
                0x000014fe                __vector_84
 .text.__vector_85
                0x00001558       0x5a src/ASF/xmega/drivers/tc/tc.o
                0x00001558                __vector_85
 .text.__vector_86
                0x000015b2       0x5a src/ASF/xmega/drivers/tc/tc.o
                0x000015b2                __vector_86
 .text.__vector_47
                0x0000160c       0x5a src/ASF/xmega/drivers/tc/tc.o
                0x0000160c                __vector_47
 .text.__vector_48
                0x00001666       0x5a src/ASF/xmega/drivers/tc/tc.o
                0x00001666                __vector_48
 .text.__vector_49
                0x000016c0       0x5a src/ASF/xmega/drivers/tc/tc.o
                0x000016c0                __vector_49
 .text.__vector_50
                0x0000171a       0x5a src/ASF/xmega/drivers/tc/tc.o
                0x0000171a                __vector_50
 .text.__vector_51
                0x00001774       0x5a src/ASF/xmega/drivers/tc/tc.o
                0x00001774                __vector_51
 .text.__vector_52
                0x000017ce       0x5a src/ASF/xmega/drivers/tc/tc.o
                0x000017ce                __vector_52
 .text.__vector_53
                0x00001828       0x5a src/ASF/xmega/drivers/tc/tc.o
                0x00001828                __vector_53
 .text.__vector_54
                0x00001882       0x5a src/ASF/xmega/drivers/tc/tc.o
                0x00001882                __vector_54
 .text.__vector_55
                0x000018dc       0x5a src/ASF/xmega/drivers/tc/tc.o
                0x000018dc                __vector_55
 .text.__vector_56
                0x00001936       0x5a src/ASF/xmega/drivers/tc/tc.o
                0x00001936                __vector_56
 .text.__vector_108
                0x00001990       0x5a src/ASF/xmega/drivers/tc/tc.o
                0x00001990                __vector_108
 .text.__vector_109
                0x000019ea       0x5a src/ASF/xmega/drivers/tc/tc.o
                0x000019ea                __vector_109
 .text.__vector_110
                0x00001a44       0x5a src/ASF/xmega/drivers/tc/tc.o
                0x00001a44                __vector_110
 .text.__vector_111
                0x00001a9e       0x5a src/ASF/xmega/drivers/tc/tc.o
                0x00001a9e                __vector_111
 .text.__vector_112
                0x00001af8       0x5a src/ASF/xmega/drivers/tc/tc.o
                0x00001af8                __vector_112
 .text.__vector_113
                0x00001b52       0x5a src/ASF/xmega/drivers/tc/tc.o
                0x00001b52                __vector_113
 .text.usart_getchar
                0x00001bac        0xc src/ASF/xmega/drivers/usart/usart.o
                0x00001bac                usart_getchar
 .text.usart_set_baudrate
                0x00001bb8      0x20c src/ASF/xmega/drivers/usart/usart.o
                0x00001bb8                usart_set_baudrate
 .text.usart_init_rs232
                0x00001dc4      0x228 src/ASF/xmega/drivers/usart/usart.o
                0x00001dc4                usart_init_rs232
 .text.usart_spi_set_baudrate
                0x00001fec       0x62 src/ASF/xmega/drivers/usart/usart.o
                0x00001fec                usart_spi_set_baudrate
 .text.usart_init_spi
                0x0000204e      0x384 src/ASF/xmega/drivers/usart/usart.o
                0x0000204e                usart_init_spi
 .text.usart_spi_init
                0x000023d2       0x5e src/ASF/common/services/spi/xmega_usart_spi/usart_spi.o
                0x000023d2                usart_spi_init
 .text.usart_spi_setup_device
                0x00002430       0x34 src/ASF/common/services/spi/xmega_usart_spi/usart_spi.o
                0x00002430                usart_spi_setup_device
 .text.usart_spi_select_device
                0x00002464       0x2c src/ASF/common/services/spi/xmega_usart_spi/usart_spi.o
                0x00002464                usart_spi_select_device
 .text.usart_spi_deselect_device
                0x00002490       0x2c src/ASF/common/services/spi/xmega_usart_spi/usart_spi.o
                0x00002490                usart_spi_deselect_device
 .text.gfx_mono_set_framebuffer
                0x000024bc        0xa src/ASF/common/services/gfx_mono/gfx_mono_framebuffer.o
                0x000024bc                gfx_mono_set_framebuffer
 .text.gfx_mono_framebuffer_put_byte
                0x000024c6       0x1e src/ASF/common/services/gfx_mono/gfx_mono_framebuffer.o
                0x000024c6                gfx_mono_framebuffer_put_byte
 .text.gfx_mono_framebuffer_get_byte
                0x000024e4       0x1e src/ASF/common/services/gfx_mono/gfx_mono_framebuffer.o
                0x000024e4                gfx_mono_framebuffer_get_byte
 .text.gfx_mono_generic_draw_horizontal_line
                0x00002502       0xec src/ASF/common/services/gfx_mono/gfx_mono_generic.o
                0x00002502                gfx_mono_generic_draw_horizontal_line
 .text.gfx_mono_generic_draw_filled_rect
                0x000025ee       0x36 src/ASF/common/services/gfx_mono/gfx_mono_generic.o
                0x000025ee                gfx_mono_generic_draw_filled_rect
 .text.sysclk_init
                0x00002624       0x20 src/ASF/common/services/clock/xmega/sysclk.o
                0x00002624                sysclk_init
 .text.sysclk_enable_module
                0x00002644       0x18 src/ASF/common/services/clock/xmega/sysclk.o
                0x00002644                sysclk_enable_module
 .text.gfx_mono_draw_char
                0x0000265c       0xbc src/ASF/common/services/gfx_mono/gfx_mono_text.o
                0x0000265c                gfx_mono_draw_char
 .text.gfx_mono_draw_string
                0x00002718       0x52 src/ASF/common/services/gfx_mono/gfx_mono_text.o
                0x00002718                gfx_mono_draw_string
 .text.ccp_write_io
                0x0000276a        0xc src/ASF/xmega/drivers/cpu/ccp.o
                0x0000276a                ccp_write_io
 .text.ioport_configure_port_pin
                0x00002776       0x50 src/ASF/common/services/ioport/xmega/ioport_compat.o
                0x00002776                ioport_configure_port_pin
 .text.board_init
                0x000027c6      0x13a src/ASF/xmega/boards/xmega_a3bu_xplained/init.o
                0x000027c6                board_init
 .text.Receive  0x00002900       0x46 src/main.o
                0x00002900                Receive
 .text.Check    0x00002946       0x4e src/main.o
                0x00002946                Check
 .text.display_time
                0x00002994       0xfc src/main.o
                0x00002994                display_time
 .text.main     0x00002a90      0x166 src/main.o
                0x00002a90                main
 .text.libgcc.div
                0x00002bf6       0x26 c:/program files (x86)/atmel/atmel toolchain/avr8 gcc/native/3.4.1061/avr8-gnu-toolchain/bin/../lib/gcc/avr/4.8.1/avrxmega6\libgcc.a(_divmodhi4.o)
                0x00002bf6                _div
                0x00002bf6                __divmodhi4
 .text.libgcc.div
                0x00002c1c       0x44 c:/program files (x86)/atmel/atmel toolchain/avr8 gcc/native/3.4.1061/avr8-gnu-toolchain/bin/../lib/gcc/avr/4.8.1/avrxmega6\libgcc.a(_udivmodsi4.o)
                0x00002c1c                __udivmodsi4
 .text.libgcc.mul
                0x00002c60       0x1e c:/program files (x86)/atmel/atmel toolchain/avr8 gcc/native/3.4.1061/avr8-gnu-toolchain/bin/../lib/gcc/avr/4.8.1/avrxmega6\libgcc.a(_umulhisi3.o)
                0x00002c60                __umulhisi3
 .text.libgcc.mul
                0x00002c7e        0xc c:/program files (x86)/atmel/atmel toolchain/avr8 gcc/native/3.4.1061/avr8-gnu-toolchain/bin/../lib/gcc/avr/4.8.1/avrxmega6\libgcc.a(_usmulhisi3.o)
                0x00002c7e                __usmulhisi3
                0x00002c80                __usmulhisi3_tail
 .text.libgcc.div
                0x00002c8a       0x28 c:/program files (x86)/atmel/atmel toolchain/avr8 gcc/native/3.4.1061/avr8-gnu-toolchain/bin/../lib/gcc/avr/4.8.1/avrxmega6\libgcc.a(_udivmodhi4.o)
                0x00002c8a                __udivmodhi4
                0x00002cb2                . = ALIGN (0x2)
 *(.fini9)
 .fini9         0x00002cb2        0x0 c:/program files (x86)/atmel/atmel toolchain/avr8 gcc/native/3.4.1061/avr8-gnu-toolchain/bin/../lib/gcc/avr/4.8.1/avrxmega6\libgcc.a(_exit.o)
                0x00002cb2                _exit
                0x00002cb2                exit
 *(.fini9)
 *(.fini8)
 *(.fini8)
 *(.fini7)
 *(.fini7)
 *(.fini6)
 *(.fini6)
 *(.fini5)
 *(.fini5)
 *(.fini4)
 *(.fini4)
 *(.fini3)
 *(.fini3)
 *(.fini2)
 *(.fini2)
 *(.fini1)
 *(.fini1)
 *(.fini0)
 .fini0         0x00002cb2        0x4 c:/program files (x86)/atmel/atmel toolchain/avr8 gcc/native/3.4.1061/avr8-gnu-toolchain/bin/../lib/gcc/avr/4.8.1/avrxmega6\libgcc.a(_exit.o)
 *(.fini0)
                0x00002cb6                _etext = .

.data           0x00802000       0xdc load address 0x00002cb6
                0x00802000                PROVIDE (__data_start, .)
 *(.data)
 *(.data*)
 .data.sysfont  0x00802000        0x7 src/ASF/common/services/gfx_mono/sysfont.o
                0x00802000                sysfont
 .data.Original_data
                0x00802007       0x28 src/main.o
                0x00802007                Original_data
 .data.names    0x0080202f       0x64 src/main.o
                0x0080202f                names
 .data.usart_options_Monitor
                0x00802093        0x7 src/main.o
 .data.usart_options_RFID
                0x0080209a        0x7 src/main.o
 *(.rodata)
 *(.rodata*)
 .rodata.month  0x008020a1       0x18 src/ASF/common/services/calendar/calendar.o
                0x008020a1                month
 .rodata.str1.1
                0x008020b9       0x23 src/main.o
 *(.gnu.linkonce.d*)
                0x008020dc                . = ALIGN (0x2)
                0x008020dc                _edata = .
                0x008020dc                PROVIDE (__data_end, .)

.bss            0x008020dc      0x27d
                0x008020dc                PROVIDE (__bss_start, .)
 *(.bss)
 *(.bss*)
 .bss.framebuffer
                0x008020dc      0x200 src/ASF/common/services/gfx_mono/gfx_mono_c12832_a1z.o
 .bss.tc_tcf0_ccd_callback
                0x008022dc        0x2 src/ASF/xmega/drivers/tc/tc.o
 .bss.tc_tcf0_ccc_callback
                0x008022de        0x2 src/ASF/xmega/drivers/tc/tc.o
 .bss.tc_tcf0_ccb_callback
                0x008022e0        0x2 src/ASF/xmega/drivers/tc/tc.o
 .bss.tc_tcf0_cca_callback
                0x008022e2        0x2 src/ASF/xmega/drivers/tc/tc.o
 .bss.tc_tcf0_err_callback
                0x008022e4        0x2 src/ASF/xmega/drivers/tc/tc.o
 .bss.tc_tcf0_ovf_callback
                0x008022e6        0x2 src/ASF/xmega/drivers/tc/tc.o
 .bss.tc_tce1_ccb_callback
                0x008022e8        0x2 src/ASF/xmega/drivers/tc/tc.o
 .bss.tc_tce1_cca_callback
                0x008022ea        0x2 src/ASF/xmega/drivers/tc/tc.o
 .bss.tc_tce1_err_callback
                0x008022ec        0x2 src/ASF/xmega/drivers/tc/tc.o
 .bss.tc_tce1_ovf_callback
                0x008022ee        0x2 src/ASF/xmega/drivers/tc/tc.o
 .bss.tc_tce0_ccd_callback
                0x008022f0        0x2 src/ASF/xmega/drivers/tc/tc.o
 .bss.tc_tce0_ccc_callback
                0x008022f2        0x2 src/ASF/xmega/drivers/tc/tc.o
 .bss.tc_tce0_ccb_callback
                0x008022f4        0x2 src/ASF/xmega/drivers/tc/tc.o
 .bss.tc_tce0_cca_callback
                0x008022f6        0x2 src/ASF/xmega/drivers/tc/tc.o
 .bss.tc_tce0_err_callback
                0x008022f8        0x2 src/ASF/xmega/drivers/tc/tc.o
 .bss.tc_tce0_ovf_callback
                0x008022fa        0x2 src/ASF/xmega/drivers/tc/tc.o
 .bss.tc_tcd1_ccb_callback
                0x008022fc        0x2 src/ASF/xmega/drivers/tc/tc.o
 .bss.tc_tcd1_cca_callback
                0x008022fe        0x2 src/ASF/xmega/drivers/tc/tc.o
 .bss.tc_tcd1_err_callback
                0x00802300        0x2 src/ASF/xmega/drivers/tc/tc.o
 .bss.tc_tcd1_ovf_callback
                0x00802302        0x2 src/ASF/xmega/drivers/tc/tc.o
 .bss.tc_tcd0_ccd_callback
                0x00802304        0x2 src/ASF/xmega/drivers/tc/tc.o
 .bss.tc_tcd0_ccc_callback
                0x00802306        0x2 src/ASF/xmega/drivers/tc/tc.o
 .bss.tc_tcd0_ccb_callback
                0x00802308        0x2 src/ASF/xmega/drivers/tc/tc.o
 .bss.tc_tcd0_cca_callback
                0x0080230a        0x2 src/ASF/xmega/drivers/tc/tc.o
 .bss.tc_tcd0_err_callback
                0x0080230c        0x2 src/ASF/xmega/drivers/tc/tc.o
 .bss.tc_tcd0_ovf_callback
                0x0080230e        0x2 src/ASF/xmega/drivers/tc/tc.o
 .bss.tc_tcc1_ccb_callback
                0x00802310        0x2 src/ASF/xmega/drivers/tc/tc.o
 .bss.tc_tcc1_cca_callback
                0x00802312        0x2 src/ASF/xmega/drivers/tc/tc.o
 .bss.tc_tcc1_err_callback
                0x00802314        0x2 src/ASF/xmega/drivers/tc/tc.o
 .bss.tc_tcc1_ovf_callback
                0x00802316        0x2 src/ASF/xmega/drivers/tc/tc.o
 .bss.tc_tcc0_ccd_callback
                0x00802318        0x2 src/ASF/xmega/drivers/tc/tc.o
 .bss.tc_tcc0_ccc_callback
                0x0080231a        0x2 src/ASF/xmega/drivers/tc/tc.o
 .bss.tc_tcc0_ccb_callback
                0x0080231c        0x2 src/ASF/xmega/drivers/tc/tc.o
 .bss.tc_tcc0_cca_callback
                0x0080231e        0x2 src/ASF/xmega/drivers/tc/tc.o
 .bss.tc_tcc0_err_callback
                0x00802320        0x2 src/ASF/xmega/drivers/tc/tc.o
 .bss.tc_tcc0_ovf_callback
                0x00802322        0x2 src/ASF/xmega/drivers/tc/tc.o
 .bss.fbpointer
                0x00802324        0x2 src/ASF/common/services/gfx_mono/gfx_mono_framebuffer.o
 *(COMMON)
 COMMON         0x00802326        0x2 src/ASF/xmega/drivers/rtc32/rtc32.o
                0x00802326                rtc_data
 COMMON         0x00802328       0x31 src/main.o
                0x00802328                arr
                0x00802341                rtc_timestamp
                0x00802345                get_date
                0x0080234d                code
                0x00802358                card_no
                0x00802359                PROVIDE (__bss_end, .)
                0x00002cb6                __data_load_start = LOADADDR (.data)
                0x00002d92                __data_load_end = (__data_load_start + SIZEOF (.data))

.noinit         0x00802359        0x0
                0x00802359                PROVIDE (__noinit_start, .)
 *(.noinit*)
                0x00802359                PROVIDE (__noinit_end, .)
                0x00802359                _end = .
                0x00802359                PROVIDE (__heap_start, .)

.eeprom         0x00810000        0x0
 *(.eeprom*)
                0x00810000                __eeprom_end = .

.fuse
 *(.fuse)
 *(.lfuse)
 *(.hfuse)
 *(.efuse)

.lock
 *(.lock*)

.signature
 *(.signature*)

.user_signatures
 *(.user_signatures*)

.stab
 *(.stab)

.stabstr
 *(.stabstr)

.stab.excl
 *(.stab.excl)

.stab.exclstr
 *(.stab.exclstr)

.stab.index
 *(.stab.index)

.stab.indexstr
 *(.stab.indexstr)

.comment        0x00000000       0x30
 *(.comment)
 .comment       0x00000000       0x30 src/ASF/common/components/display/st7565r/st7565r.o
                                 0x31 (size before relaxing)
 .comment       0x00000000       0x31 src/ASF/common/services/calendar/calendar.o
 .comment       0x00000000       0x31 src/ASF/common/services/gfx_mono/gfx_mono_c12832_a1z.o
 .comment       0x00000000       0x31 src/ASF/xmega/drivers/rtc32/rtc32.o
 .comment       0x00000000       0x31 src/ASF/xmega/drivers/tc/tc.o
 .comment       0x00000000       0x31 src/ASF/xmega/drivers/usart/usart.o
 .comment       0x00000000       0x31 src/ASF/common/services/spi/xmega_usart_spi/usart_spi.o
 .comment       0x00000000       0x31 src/ASF/common/services/gfx_mono/gfx_mono_framebuffer.o
 .comment       0x00000000       0x31 src/ASF/common/services/gfx_mono/gfx_mono_generic.o
 .comment       0x00000000       0x31 src/ASF/common/services/clock/xmega/sysclk.o
 .comment       0x00000000       0x31 src/ASF/common/services/gfx_mono/gfx_mono_text.o
 .comment       0x00000000       0x31 src/ASF/common/services/gfx_mono/sysfont.o
 .comment       0x00000000       0x31 src/ASF/common/services/ioport/xmega/ioport_compat.o
 .comment       0x00000000       0x31 src/ASF/xmega/boards/xmega_a3bu_xplained/init.o
 .comment       0x00000000       0x31 src/main.o

.note.gnu.build-id
 *(.note.gnu.build-id)

.debug
 *(.debug)

.line
 *(.line)

.debug_srcinfo
 *(.debug_srcinfo)

.debug_sfnames
 *(.debug_sfnames)

.debug_aranges  0x00000000      0x548
 *(.debug_aranges)
 .debug_aranges
                0x00000000       0x20 src/ASF/common/components/display/st7565r/st7565r.o
 .debug_aranges
                0x00000020       0x58 src/ASF/common/services/calendar/calendar.o
 .debug_aranges
                0x00000078       0x60 src/ASF/common/services/gfx_mono/gfx_mono_c12832_a1z.o
 .debug_aranges
                0x000000d8       0x58 src/ASF/xmega/drivers/rtc32/rtc32.o
 .debug_aranges
                0x00000130      0x178 src/ASF/xmega/drivers/tc/tc.o
 .debug_aranges
                0x000002a8       0x58 src/ASF/xmega/drivers/usart/usart.o
 .debug_aranges
                0x00000300       0x48 src/ASF/common/services/spi/xmega_usart_spi/usart_spi.o
 .debug_aranges
                0x00000348       0x58 src/ASF/common/services/gfx_mono/gfx_mono_framebuffer.o
 .debug_aranges
                0x000003a0       0x58 src/ASF/common/services/gfx_mono/gfx_mono_generic.o
 .debug_aranges
                0x000003f8       0x40 src/ASF/common/services/clock/xmega/sysclk.o
 .debug_aranges
                0x00000438       0x40 src/ASF/common/services/gfx_mono/gfx_mono_text.o
 .debug_aranges
                0x00000478       0x20 src/ASF/xmega/drivers/cpu/ccp.o
 .debug_aranges
                0x00000498       0x18 src/ASF/common/services/gfx_mono/sysfont.o
 .debug_aranges
                0x000004b0       0x20 src/ASF/common/services/ioport/xmega/ioport_compat.o
 .debug_aranges
                0x000004d0       0x20 src/ASF/xmega/boards/xmega_a3bu_xplained/init.o
 .debug_aranges
                0x000004f0       0x58 src/main.o

.debug_pubnames
 *(.debug_pubnames)

.debug_info     0x00000000     0xd282
 *(.debug_info .gnu.linkonce.wi.*)
 .debug_info    0x00000000     0x186c src/ASF/common/components/display/st7565r/st7565r.o
 .debug_info    0x0000186c      0x6f5 src/ASF/common/services/calendar/calendar.o
 .debug_info    0x00001f61     0x1d6a src/ASF/common/services/gfx_mono/gfx_mono_c12832_a1z.o
 .debug_info    0x00003ccb      0x70d src/ASF/xmega/drivers/rtc32/rtc32.o
 .debug_info    0x000043d8     0x1943 src/ASF/xmega/drivers/tc/tc.o
 .debug_info    0x00005d1b     0x2d0f src/ASF/xmega/drivers/usart/usart.o
 .debug_info    0x00008a2a      0xbb2 src/ASF/common/services/spi/xmega_usart_spi/usart_spi.o
 .debug_info    0x000095dc      0x479 src/ASF/common/services/gfx_mono/gfx_mono_framebuffer.o
 .debug_info    0x00009a55      0xc2e src/ASF/common/services/gfx_mono/gfx_mono_generic.o
 .debug_info    0x0000a683      0x705 src/ASF/common/services/clock/xmega/sysclk.o
 .debug_info    0x0000ad88      0x723 src/ASF/common/services/gfx_mono/gfx_mono_text.o
 .debug_info    0x0000b4ab       0x8a src/ASF/xmega/drivers/cpu/ccp.o
 .debug_info    0x0000b535      0x188 src/ASF/common/services/gfx_mono/sysfont.o
 .debug_info    0x0000b6bd      0x11d src/ASF/common/services/ioport/xmega/ioport_compat.o
 .debug_info    0x0000b7da      0xa6d src/ASF/xmega/boards/xmega_a3bu_xplained/init.o
 .debug_info    0x0000c247     0x103b src/main.o

.debug_abbrev   0x00000000     0x231d
 *(.debug_abbrev)
 .debug_abbrev  0x00000000      0x281 src/ASF/common/components/display/st7565r/st7565r.o
 .debug_abbrev  0x00000281      0x233 src/ASF/common/services/calendar/calendar.o
 .debug_abbrev  0x000004b4      0x390 src/ASF/common/services/gfx_mono/gfx_mono_c12832_a1z.o
 .debug_abbrev  0x00000844      0x2e5 src/ASF/xmega/drivers/rtc32/rtc32.o
 .debug_abbrev  0x00000b29      0x2a7 src/ASF/xmega/drivers/tc/tc.o
 .debug_abbrev  0x00000dd0      0x3e8 src/ASF/xmega/drivers/usart/usart.o
 .debug_abbrev  0x000011b8      0x2eb src/ASF/common/services/spi/xmega_usart_spi/usart_spi.o
 .debug_abbrev  0x000014a3      0x18b src/ASF/common/services/gfx_mono/gfx_mono_framebuffer.o
 .debug_abbrev  0x0000162e      0x1d6 src/ASF/common/services/gfx_mono/gfx_mono_generic.o
 .debug_abbrev  0x00001804      0x25b src/ASF/common/services/clock/xmega/sysclk.o
 .debug_abbrev  0x00001a5f      0x23e src/ASF/common/services/gfx_mono/gfx_mono_text.o
 .debug_abbrev  0x00001c9d       0x14 src/ASF/xmega/drivers/cpu/ccp.o
 .debug_abbrev  0x00001cb1       0xde src/ASF/common/services/gfx_mono/sysfont.o
 .debug_abbrev  0x00001d8f       0x93 src/ASF/common/services/ioport/xmega/ioport_compat.o
 .debug_abbrev  0x00001e22      0x160 src/ASF/xmega/boards/xmega_a3bu_xplained/init.o
 .debug_abbrev  0x00001f82      0x39b src/main.o

.debug_line     0x00000000     0x8d39
 *(.debug_line .debug_line.* .debug_line_end)
 .debug_line    0x00000000      0xa7b src/ASF/common/components/display/st7565r/st7565r.o
 .debug_line    0x00000a7b      0x7d9 src/ASF/common/services/calendar/calendar.o
 .debug_line    0x00001254      0xda2 src/ASF/common/services/gfx_mono/gfx_mono_c12832_a1z.o
 .debug_line    0x00001ff6      0x742 src/ASF/xmega/drivers/rtc32/rtc32.o
 .debug_line    0x00002738      0xe7e src/ASF/xmega/drivers/tc/tc.o
 .debug_line    0x000035b6      0xc7e src/ASF/xmega/drivers/usart/usart.o
 .debug_line    0x00004234      0x7c9 src/ASF/common/services/spi/xmega_usart_spi/usart_spi.o
 .debug_line    0x000049fd      0x917 src/ASF/common/services/gfx_mono/gfx_mono_framebuffer.o
 .debug_line    0x00005314      0xc02 src/ASF/common/services/gfx_mono/gfx_mono_generic.o
 .debug_line    0x00005f16      0x5e3 src/ASF/common/services/clock/xmega/sysclk.o
 .debug_line    0x000064f9      0x9ad src/ASF/common/services/gfx_mono/gfx_mono_text.o
 .debug_line    0x00006ea6       0x6e src/ASF/xmega/drivers/cpu/ccp.o
 .debug_line    0x00006f14      0x79d src/ASF/common/services/gfx_mono/sysfont.o
 .debug_line    0x000076b1      0x48f src/ASF/common/services/ioport/xmega/ioport_compat.o
 .debug_line    0x00007b40      0x4ba src/ASF/xmega/boards/xmega_a3bu_xplained/init.o
 .debug_line    0x00007ffa      0xd3f src/main.o

.debug_frame    0x00000000     0x19b8
 *(.debug_frame)
 .debug_frame   0x00000000       0x58 src/ASF/common/components/display/st7565r/st7565r.o
 .debug_frame   0x00000058      0x1f4 src/ASF/common/services/calendar/calendar.o
 .debug_frame   0x0000024c      0x1b0 src/ASF/common/services/gfx_mono/gfx_mono_c12832_a1z.o
 .debug_frame   0x000003fc       0xfc src/ASF/xmega/drivers/rtc32/rtc32.o
 .debug_frame   0x000004f8      0xd04 src/ASF/xmega/drivers/tc/tc.o
 .debug_frame   0x000011fc      0x148 src/ASF/xmega/drivers/usart/usart.o
 .debug_frame   0x00001344       0x90 src/ASF/common/services/spi/xmega_usart_spi/usart_spi.o
 .debug_frame   0x000013d4       0xd0 src/ASF/common/services/gfx_mono/gfx_mono_framebuffer.o
 .debug_frame   0x000014a4      0x21c src/ASF/common/services/gfx_mono/gfx_mono_generic.o
 .debug_frame   0x000016c0       0x64 src/ASF/common/services/clock/xmega/sysclk.o
 .debug_frame   0x00001724       0xec src/ASF/common/services/gfx_mono/gfx_mono_text.o
 .debug_frame   0x00001810       0x30 src/ASF/common/services/ioport/xmega/ioport_compat.o
 .debug_frame   0x00001840       0x24 src/ASF/xmega/boards/xmega_a3bu_xplained/init.o
 .debug_frame   0x00001864      0x154 src/main.o

.debug_str      0x00000000    0x2db1e
 *(.debug_str)
 .debug_str     0x00000000    0x285b1 src/ASF/common/components/display/st7565r/st7565r.o
                              0x28e04 (size before relaxing)
 .debug_str     0x000285b1      0x736 src/ASF/common/services/calendar/calendar.o
                              0x25c4d (size before relaxing)
 .debug_str     0x00028ce7      0xc00 src/ASF/common/services/gfx_mono/gfx_mono_c12832_a1z.o
                              0x29705 (size before relaxing)
 .debug_str     0x000298e7      0x422 src/ASF/xmega/drivers/rtc32/rtc32.o
                              0x27fad (size before relaxing)
 .debug_str     0x00029d09      0xeac src/ASF/xmega/drivers/tc/tc.o
                              0x2871b (size before relaxing)
 .debug_str     0x0002abb5      0x943 src/ASF/xmega/drivers/usart/usart.o
                              0x28f8f (size before relaxing)
 .debug_str     0x0002b4f8       0x87 src/ASF/common/services/spi/xmega_usart_spi/usart_spi.o
                              0x28450 (size before relaxing)
 .debug_str     0x0002b57f       0xba src/ASF/common/services/gfx_mono/gfx_mono_framebuffer.o
                              0x29320 (size before relaxing)
 .debug_str     0x0002b639      0x213 src/ASF/common/services/gfx_mono/gfx_mono_generic.o
                              0x29463 (size before relaxing)
 .debug_str     0x0002b84c      0x2cd src/ASF/common/services/clock/xmega/sysclk.o
                              0x27c5a (size before relaxing)
 .debug_str     0x0002bb19      0x233 src/ASF/common/services/gfx_mono/gfx_mono_text.o
                              0x29408 (size before relaxing)
 .debug_str     0x0002bd4c     0x10b0 src/ASF/common/services/gfx_mono/sysfont.o
                              0x2a254 (size before relaxing)
 .debug_str     0x0002cdfc       0x77 src/ASF/common/services/ioport/xmega/ioport_compat.o
                              0x25b3c (size before relaxing)
 .debug_str     0x0002ce73       0xf7 src/ASF/xmega/boards/xmega_a3bu_xplained/init.o
                              0x27593 (size before relaxing)
 .debug_str     0x0002cf6a      0xbb4 src/main.o
                              0x2c0f1 (size before relaxing)

.debug_loc      0x00000000     0x7755
 *(.debug_loc)
 .debug_loc     0x00000000      0x113 src/ASF/common/components/display/st7565r/st7565r.o
 .debug_loc     0x00000113      0xaff src/ASF/common/services/calendar/calendar.o
 .debug_loc     0x00000c12      0xd01 src/ASF/common/services/gfx_mono/gfx_mono_c12832_a1z.o
 .debug_loc     0x00001913      0x197 src/ASF/xmega/drivers/rtc32/rtc32.o
 .debug_loc     0x00001aaa     0x1ec6 src/ASF/xmega/drivers/tc/tc.o
 .debug_loc     0x00003970      0xfe9 src/ASF/xmega/drivers/usart/usart.o
 .debug_loc     0x00004959      0x585 src/ASF/common/services/spi/xmega_usart_spi/usart_spi.o
 .debug_loc     0x00004ede      0x592 src/ASF/common/services/gfx_mono/gfx_mono_framebuffer.o
 .debug_loc     0x00005470     0x10aa src/ASF/common/services/gfx_mono/gfx_mono_generic.o
 .debug_loc     0x0000651a      0x217 src/ASF/common/services/clock/xmega/sysclk.o
 .debug_loc     0x00006731      0x957 src/ASF/common/services/gfx_mono/gfx_mono_text.o
 .debug_loc     0x00007088       0x66 src/ASF/common/services/ioport/xmega/ioport_compat.o
 .debug_loc     0x000070ee      0x667 src/main.o

.debug_macinfo
 *(.debug_macinfo)

.debug_weaknames
 *(.debug_weaknames)

.debug_funcnames
 *(.debug_funcnames)

.debug_typenames
 *(.debug_typenames)

.debug_varnames
 *(.debug_varnames)

.debug_pubtypes
 *(.debug_pubtypes)

.debug_ranges   0x00000000      0x660
 *(.debug_ranges)
 .debug_ranges  0x00000000       0x10 src/ASF/common/components/display/st7565r/st7565r.o
 .debug_ranges  0x00000010       0x78 src/ASF/common/services/calendar/calendar.o
 .debug_ranges  0x00000088      0x188 src/ASF/common/services/gfx_mono/gfx_mono_c12832_a1z.o
 .debug_ranges  0x00000210       0x48 src/ASF/xmega/drivers/rtc32/rtc32.o
 .debug_ranges  0x00000258      0x168 src/ASF/xmega/drivers/tc/tc.o
 .debug_ranges  0x000003c0       0x80 src/ASF/xmega/drivers/usart/usart.o
 .debug_ranges  0x00000440       0x98 src/ASF/common/services/spi/xmega_usart_spi/usart_spi.o
 .debug_ranges  0x000004d8       0x48 src/ASF/common/services/gfx_mono/gfx_mono_framebuffer.o
 .debug_ranges  0x00000520       0x48 src/ASF/common/services/gfx_mono/gfx_mono_generic.o
 .debug_ranges  0x00000568       0x30 src/ASF/common/services/clock/xmega/sysclk.o
 .debug_ranges  0x00000598       0x30 src/ASF/common/services/gfx_mono/gfx_mono_text.o
 .debug_ranges  0x000005c8       0x10 src/ASF/common/services/ioport/xmega/ioport_compat.o
 .debug_ranges  0x000005d8       0x10 src/ASF/xmega/boards/xmega_a3bu_xplained/init.o
 .debug_ranges  0x000005e8       0x78 src/main.o

.debug_macro    0x00000000     0xbc27
 *(.debug_macro)
 .debug_macro   0x00000000      0x276 src/ASF/common/components/display/st7565r/st7565r.o
 .debug_macro   0x00000276      0xa7e src/ASF/common/components/display/st7565r/st7565r.o
 .debug_macro   0x00000cf4       0x10 src/ASF/common/components/display/st7565r/st7565r.o
 .debug_macro   0x00000d04      0x1ad src/ASF/common/components/display/st7565r/st7565r.o
 .debug_macro   0x00000eb1      0x293 src/ASF/common/components/display/st7565r/st7565r.o
 .debug_macro   0x00001144       0x9e src/ASF/common/components/display/st7565r/st7565r.o
 .debug_macro   0x000011e2     0x5cc8 src/ASF/common/components/display/st7565r/st7565r.o
 .debug_macro   0x00006eaa       0x9a src/ASF/common/components/display/st7565r/st7565r.o
 .debug_macro   0x00006f44       0xf1 src/ASF/common/components/display/st7565r/st7565r.o
 .debug_macro   0x00007035       0x34 src/ASF/common/components/display/st7565r/st7565r.o
 .debug_macro   0x00007069       0x10 src/ASF/common/components/display/st7565r/st7565r.o
 .debug_macro   0x00007079       0x18 src/ASF/common/components/display/st7565r/st7565r.o
 .debug_macro   0x00007091       0x5e src/ASF/common/components/display/st7565r/st7565r.o
 .debug_macro   0x000070ef       0x10 src/ASF/common/components/display/st7565r/st7565r.o
 .debug_macro   0x000070ff       0x22 src/ASF/common/components/display/st7565r/st7565r.o
 .debug_macro   0x00007121      0x166 src/ASF/common/components/display/st7565r/st7565r.o
 .debug_macro   0x00007287       0x1c src/ASF/common/components/display/st7565r/st7565r.o
 .debug_macro   0x000072a3       0x35 src/ASF/common/components/display/st7565r/st7565r.o
 .debug_macro   0x000072d8       0x66 src/ASF/common/components/display/st7565r/st7565r.o
 .debug_macro   0x0000733e      0x4ae src/ASF/common/components/display/st7565r/st7565r.o
 .debug_macro   0x000077ec       0x97 src/ASF/common/components/display/st7565r/st7565r.o
 .debug_macro   0x00007883       0x17 src/ASF/common/components/display/st7565r/st7565r.o
 .debug_macro   0x0000789a      0x250 src/ASF/common/components/display/st7565r/st7565r.o
 .debug_macro   0x00007aea       0x76 src/ASF/common/components/display/st7565r/st7565r.o
 .debug_macro   0x00007b60       0x16 src/ASF/common/components/display/st7565r/st7565r.o
 .debug_macro   0x00007b76      0x6e0 src/ASF/common/components/display/st7565r/st7565r.o
 .debug_macro   0x00008256       0x10 src/ASF/common/components/display/st7565r/st7565r.o
 .debug_macro   0x00008266      0x175 src/ASF/common/components/display/st7565r/st7565r.o
 .debug_macro   0x000083db       0x40 src/ASF/common/components/display/st7565r/st7565r.o
 .debug_macro   0x0000841b       0x69 src/ASF/common/components/display/st7565r/st7565r.o
 .debug_macro   0x00008484       0x32 src/ASF/common/components/display/st7565r/st7565r.o
 .debug_macro   0x000084b6       0xe4 src/ASF/common/components/display/st7565r/st7565r.o
 .debug_macro   0x0000859a       0x22 src/ASF/common/components/display/st7565r/st7565r.o
 .debug_macro   0x000085bc      0x237 src/ASF/common/components/display/st7565r/st7565r.o
 .debug_macro   0x000087f3      0x302 src/ASF/common/components/display/st7565r/st7565r.o
 .debug_macro   0x00008af5       0x7b src/ASF/common/components/display/st7565r/st7565r.o
 .debug_macro   0x00008b70       0x2f src/ASF/common/components/display/st7565r/st7565r.o
 .debug_macro   0x00008b9f      0x154 src/ASF/common/components/display/st7565r/st7565r.o
 .debug_macro   0x00008cf3       0x82 src/ASF/common/components/display/st7565r/st7565r.o
 .debug_macro   0x00008d75      0x109 src/ASF/common/components/display/st7565r/st7565r.o
 .debug_macro   0x00008e7e       0x28 src/ASF/common/components/display/st7565r/st7565r.o
 .debug_macro   0x00008ea6       0x22 src/ASF/common/components/display/st7565r/st7565r.o
 .debug_macro   0x00008ec8       0x3a src/ASF/common/components/display/st7565r/st7565r.o
 .debug_macro   0x00008f02       0xfd src/ASF/common/components/display/st7565r/st7565r.o
 .debug_macro   0x00008fff       0x34 src/ASF/common/components/display/st7565r/st7565r.o
 .debug_macro   0x00009033       0x2e src/ASF/common/components/display/st7565r/st7565r.o
 .debug_macro   0x00009061      0x1b5 src/ASF/common/services/calendar/calendar.o
 .debug_macro   0x00009216       0x58 src/ASF/common/services/calendar/calendar.o
 .debug_macro   0x0000926e       0x10 src/ASF/common/services/calendar/calendar.o
 .debug_macro   0x0000927e       0xeb src/ASF/common/services/calendar/calendar.o
 .debug_macro   0x00009369      0x2ba src/ASF/common/services/gfx_mono/gfx_mono_c12832_a1z.o
 .debug_macro   0x00009623       0x78 src/ASF/common/services/gfx_mono/gfx_mono_c12832_a1z.o
 .debug_macro   0x0000969b       0x88 src/ASF/common/services/gfx_mono/gfx_mono_c12832_a1z.o
 .debug_macro   0x00009723      0x215 src/ASF/xmega/drivers/rtc32/rtc32.o
 .debug_macro   0x00009938       0x10 src/ASF/xmega/drivers/rtc32/rtc32.o
 .debug_macro   0x00009948      0x225 src/ASF/xmega/drivers/tc/tc.o
 .debug_macro   0x00009b6d      0x299 src/ASF/xmega/drivers/tc/tc.o
 .debug_macro   0x00009e06       0x12 src/ASF/xmega/drivers/tc/tc.o
 .debug_macro   0x00009e18      0x221 src/ASF/xmega/drivers/usart/usart.o
 .debug_macro   0x0000a039      0x234 src/ASF/common/services/spi/xmega_usart_spi/usart_spi.o
 .debug_macro   0x0000a26d      0x2ae src/ASF/common/services/gfx_mono/gfx_mono_framebuffer.o
 .debug_macro   0x0000a51b      0x2ae src/ASF/common/services/gfx_mono/gfx_mono_generic.o
 .debug_macro   0x0000a7c9      0x1db src/ASF/common/services/clock/xmega/sysclk.o
 .debug_macro   0x0000a9a4       0x26 src/ASF/common/services/clock/xmega/sysclk.o
 .debug_macro   0x0000a9ca      0x2d5 src/ASF/common/services/gfx_mono/gfx_mono_text.o
 .debug_macro   0x0000ac9f       0xaa src/ASF/common/services/gfx_mono/gfx_mono_text.o
 .debug_macro   0x0000ad49      0x2db src/ASF/common/services/gfx_mono/sysfont.o
 .debug_macro   0x0000b024       0x3a src/ASF/common/services/gfx_mono/sysfont.o
 .debug_macro   0x0000b05e      0x193 src/ASF/common/services/ioport/xmega/ioport_compat.o
 .debug_macro   0x0000b1f1      0x1b5 src/ASF/xmega/boards/xmega_a3bu_xplained/init.o
 .debug_macro   0x0000b3a6       0x2e src/ASF/xmega/boards/xmega_a3bu_xplained/init.o
 .debug_macro   0x0000b3d4      0x231 src/ASF/xmega/boards/xmega_a3bu_xplained/init.o
 .debug_macro   0x0000b605      0x40d src/main.o
 .debug_macro   0x0000ba12       0x34 src/main.o
 .debug_macro   0x0000ba46       0x46 src/main.o
 .debug_macro   0x0000ba8c       0x18 src/main.o
 .debug_macro   0x0000baa4       0x1c src/main.o
 .debug_macro   0x0000bac0      0x167 src/main.o
OUTPUT(RFID_Door_Lock.elf elf32-avr)
LOAD linker stubs

.BOOT           0x00040000        0x0
